{
  "type": "FeatureCollection",
  "features": [
    {
      "type": "Feature",
      "properties": {
        "route_type": "alternate",
        "traffic_status": "green"
      },
      "geometry": {
        "type": "LineString",
        "coordinates": [
          [
            88.3652227,
            22.5748708
          ],
          [
            88.3660507,
            22.5743206
          ]
        ]
      }
    },
    {
      "type": "Feature",
      "properties": {
        "route_type": "alternate",
        "traffic_status": "green"
      },
      "geometry": {
        "type": "LineString",
        "coordinates": [
          [
            88.3660507,
            22.5743206
          ],
          [
            88.3662827,
            22.5747869
          ]
        ]
      }
    },
    {
      "type": "Feature",
      "properties": {
        "route_type": "alternate",
        "traffic_status": "green"
      },
      "geometry": {
        "type": "LineString",
        "coordinates": [
          [
            88.3662827,
            22.5747869
          ],
          [
            88.366175,
            22.57495
          ]
        ]
      }
    },
    {
      "type": "Feature",
      "properties": {
        "route_type": "alternate",
        "traffic_status": "green"
      },
      "geometry": {
        "type": "LineString",
        "coordinates": [
          [
            88.366175,
            22.57495
          ],
          [
            88.3657008,
            22.5755977
          ]
        ]
      }
    },
    {
      "type": "Feature",
      "properties": {
        "route_type": "alternate",
        "traffic_status": "green"
      },
      "geometry": {
        "type": "LineString",
        "coordinates": [
          [
            88.3657008,
            22.5755977
          ],
          [
            88.3649941,
            22.5763713
          ]
        ]
      }
    },
    {
      "type": "Feature",
      "properties": {
        "route_type": "alternate",
        "traffic_status": "amber"
      },
      "geometry": {
        "type": "LineString",
        "coordinates": [
          [
            88.3649941,
            22.5763713
          ],
          [
            88.3643162,
            22.5768659
          ]
        ]
      }
    },
    {
      "type": "Feature",
      "properties": {
        "route_type": "alternate",
        "traffic_status": "green"
      },
      "geometry": {
        "type": "LineString",
        "coordinates": [
          [
            88.3643162,
            22.5768659
          ],
          [
            88.3640925,
            22.5770363
          ]
        ]
      }
    },
    {
      "type": "Feature",
      "properties": {
        "route_type": "alternate",
        "traffic_status": "green"
      },
      "geometry": {
        "type": "LineString",
        "coordinates": [
          [
            88.3640925,
            22.5770363
          ],
          [
            88.3626805,
            22.5779005
          ]
        ]
      }
    },
    {
      "type": "Feature",
      "properties": {
        "route_type": "alternate",
        "traffic_status": "red"
      },
      "geometry": {
        "type": "LineString",
        "coordinates": [
          [
            88.3626805,
            22.5779005
          ],
          [
            88.3624847,
            22.577557
          ]
        ]
      }
    },
    {
      "type": "Feature",
      "properties": {
        "route_type": "alternate",
        "traffic_status": "red"
      },
      "geometry": {
        "type": "LineString",
        "coordinates": [
          [
            88.3624847,
            22.577557
          ],
          [
            88.3619229,
            22.5777158
          ]
        ]
      }
    },
    {
      "type": "Feature",
      "properties": {
        "route_type": "alternate",
        "traffic_status": "amber"
      },
      "geometry": {
        "type": "LineString",
        "coordinates": [
          [
            88.3619229,
            22.5777158
          ],
          [
            88.3616799,
            22.5777928
          ]
        ]
      }
    },
    {
      "type": "Feature",
      "properties": {
        "route_type": "alternate",
        "traffic_status": "green"
      },
      "geometry": {
        "type": "LineString",
        "coordinates": [
          [
            88.3616799,
            22.5777928
          ],
          [
            88.3613638,
            22.5778978
          ]
        ]
      }
    },
    {
      "type": "Feature",
      "properties": {
        "route_type": "alternate",
        "traffic_status": "green"
      },
      "geometry": {
        "type": "LineString",
        "coordinates": [
          [
            88.3613638,
            22.5778978
          ],
          [
            88.36059,
            22.578097
          ]
        ]
      }
    },
    {
      "type": "Feature",
      "properties": {
        "route_type": "alternate",
        "traffic_status": "green"
      },
      "geometry": {
        "type": "LineString",
        "coordinates": [
          [
            88.36059,
            22.578097
          ],
          [
            88.3602608,
            22.5768861
          ]
        ]
      }
    },
    {
      "type": "Feature",
      "properties": {
        "route_type": "alternate",
        "traffic_status": "amber"
      },
      "geometry": {
        "type": "LineString",
        "coordinates": [
          [
            88.3602608,
            22.5768861
          ],
          [
            88.3599476,
            22.5759278
          ]
        ]
      }
    },
    {
      "type": "Feature",
      "properties": {
        "route_type": "alternate",
        "traffic_status": "red"
      },
      "geometry": {
        "type": "LineString",
        "coordinates": [
          [
            88.3599476,
            22.5759278
          ],
          [
            88.3597846,
            22.5752926
          ]
        ]
      }
    },
    {
      "type": "Feature",
      "properties": {
        "route_type": "alternate",
        "traffic_status": "red"
      },
      "geometry": {
        "type": "LineString",
        "coordinates": [
          [
            88.3597846,
            22.5752926
          ],
          [
            88.3587801,
            22.5723396
          ]
        ]
      }
    },
    {
      "type": "Feature",
      "properties": {
        "route_type": "alternate",
        "traffic_status": "green"
      },
      "geometry": {
        "type": "LineString",
        "coordinates": [
          [
            88.3587801,
            22.5723396
          ],
          [
            88.3591905,
            22.5721563
          ]
        ]
      }
    },
    {
      "type": "Feature",
      "properties": {
        "route_type": "alternate",
        "traffic_status": "red"
      },
      "geometry": {
        "type": "LineString",
        "coordinates": [
          [
            88.3591905,
            22.5721563
          ],
          [
            88.3598402,
            22.5718972
          ]
        ]
      }
    },
    {
      "type": "Feature",
      "properties": {
        "route_type": "alternate",
        "traffic_status": "amber"
      },
      "geometry": {
        "type": "LineString",
        "coordinates": [
          [
            88.3598402,
            22.5718972
          ],
          [
            88.3605503,
            22.5714834
          ]
        ]
      }
    },
    {
      "type": "Feature",
      "properties": {
        "route_type": "alternate",
        "traffic_status": "green"
      },
      "geometry": {
        "type": "LineString",
        "coordinates": [
          [
            88.3605503,
            22.5714834
          ],
          [
            88.3611751,
            22.5710977
          ]
        ]
      }
    },
    {
      "type": "Feature",
      "properties": {
        "route_type": "alternate",
        "traffic_status": "red"
      },
      "geometry": {
        "type": "LineString",
        "coordinates": [
          [
            88.3611751,
            22.5710977
          ],
          [
            88.3610645,
            22.5709118
          ]
        ]
      }
    }
  ]
}
